Traceback (most recent call last):
  File "/Users/oj/DinoProjects/ODS Impact Prize/pilot/das_check.py", line 10, in <module>
    DAS=re.compile(r"(?is)<sec[^>]*>\s*<title>[^<]*(data|code|material)s?\s+(and\s+\w+\s+)?availability[^<]*</title>(.*?)</sec>|(?is)<(?:sec|p|notes)[^>]*>\s*(?:<title>)?\s*(availability of data[^<]{0,80}|data (?:and (?:code|materials?) )?availability(?: statement)?)\s*(?:</title>)?(.*?)</(?:sec|p|notes)>")
  File "/opt/homebrew/Cellar/python@3.14/3.14.7/Frameworks/Python.framework/Versions/3.14/lib/python3.14/re/__init__.py", line 289, in compile
    return _compile(pattern, flags)
  File "/opt/homebrew/Cellar/python@3.14/3.14.7/Frameworks/Python.framework/Versions/3.14/lib/python3.14/re/__init__.py", line 350, in _compile
    p = _compiler.compile(pattern, flags)
  File "/opt/homebrew/Cellar/python@3.14/3.14.7/Frameworks/Python.framework/Versions/3.14/lib/python3.14/re/_compiler.py", line 762, in compile
    p = _parser.parse(p, flags)
  File "/opt/homebrew/Cellar/python@3.14/3.14.7/Frameworks/Python.framework/Versions/3.14/lib/python3.14/re/_parser.py", line 973, in parse
    p = _parse_sub(source, state, flags & SRE_FLAG_VERBOSE, 0)
  File "/opt/homebrew/Cellar/python@3.14/3.14.7/Frameworks/Python.framework/Versions/3.14/lib/python3.14/re/_parser.py", line 460, in _parse_sub
    itemsappend(_parse(source, state, verbose, nested + 1,
                ~~~~~~^^^^^^^^^^^^^^^^^^^^^^^^^^^^^^^^^^^^
                       not nested and not items))
                       ^^^^^^^^^^^^^^^^^^^^^^^^^
  File "/opt/homebrew/Cellar/python@3.14/3.14.7/Frameworks/Python.framework/Versions/3.14/lib/python3.14/re/_parser.py", line 834, in _parse
    raise source.error('global flags not at the start '
                       'of the expression',
                       source.tell() - start)
re.PatternError: global flags not at the start of the expression at position 107
