query hit count 3104 ; collected 3104 with a PMC id
sampled 300 -> data/sample.json
[1/300] PMC6857297 ok 43638
[2/300] PMC7004948 ok 16409
[3/300] PMC9846347 empty 
[4/300] PMC7162874 ok 605050
[5/300] PMC9277186 empty 
[6/300] PMC9065442 ok 748201
[7/300] PMC8515661 ok 691353
[8/300] PMC6033363 ok 1117382
[9/300] PMC6521536 ok 2486216
[10/300] PMC6516124 ok 147117
[11/300] PMC9691121 ok 468657
[12/300] PMC6343755 ok 6693386
[13/300] PMC5191868 ok 1140630
[14/300] PMC5978322 ok 14126921
[15/300] PMC6899165 ok 176
[16/300] PMC4882782 ok 20651
[17/300] PMC7301155 ok 1101829
[18/300] PMC7749086 ok 30064
[19/300] PMC7200934 ok 2556316
[20/300] PMC9526500 ok 19186
[21/300] PMC8756518 ok 4447568
[22/300] PMC9101795 ok 1378659
[23/300] PMC7051945 ok 629868
[24/300] PMC9629447 ok 11683188
[25/300] PMC5346660 ok 383418
[26/300] PMC7832892 ok 539700
[27/300] PMC5514148 ok 779928
[28/300] PMC9385763 ok 3749762
[29/300] PMC5787462 ok 2922286
[30/300] PMC5986154 ok 669218
[31/300] PMC6419430 ok 29952
[32/300] PMC5253704 ok 3202058
[33/300] PMC6021239 ok 2358710
[34/300] PMC6814774 ok 2661724
[35/300] PMC8547038 ok 270
[36/300] PMC8096837 ok 25486035
[37/300] PMC6117344 ok 21604
[38/300] PMC7865280 ok 918601
[39/300] PMC9233847 ok 79241
[40/300] PMC9270695 ok 197675
[41/300] PMC7362578 ok 174
[42/300] PMC8447690 ok 9604244
[43/300] PMC4833667 ok 3326926
[44/300] PMC8564454 ok 1761055
[45/300] PMC8793384 ok 32841996
[46/300] PMC5991460 ok 15103
[47/300] PMC5697861 ok 27728
[48/300] PMC9050993 ok 777750
[49/300] PMC6438043 ok 423241
[50/300] PMC8616148 ok 168487
[51/300] PMC5731933 ok 3747506
[52/300] PMC5694825 ok 115051
[53/300] PMC5627654 ok 194
[54/300] PMC8627106 ok 102631
[55/300] PMC9537519 ok 7282787
[56/300] PMC5256100 ok 871924
[57/300] PMC5384279 ok 3691370
[58/300] PMC6219670 ok 2459
[59/300] PMC4863200 ok 4070019
[60/300] PMC5472485 ok 174
[61/300] PMC7147091 ok 990008
[62/300] PMC8069710 ok 786420
[63/300] PMC11401740 ok 491086
[64/300] PMC5686836 ok 527576
[65/300] PMC6470828 ok 219743
[66/300] PMC8062684 ok 1098885
[67/300] PMC9050725 ok 988062
[68/300] PMC7870153 ok 4181695
[69/300] PMC6997081 ok 685701
[70/300] PMC6169574 ok 2132441
[71/300] PMC8230452 ok 942076
[72/300] PMC8600133 ok 42618
[73/300] PMC6009543 ok 1924442
[74/300] PMC4791069 ok 172
[75/300] PMC8278587 ok 211037
[76/300] PMC7853173 ok 117009
[77/300] PMC9633499 ok 36648
[78/300] PMC7938033 ok 68063
[79/300] PMC7593621 ok 575576
[80/300] PMC5239492 ok 207190
[81/300] PMC5477115 empty 
[82/300] PMC8494188 ok 113257
[83/300] PMC5348311 ok 1898944
[84/300] PMC9314348 ok 16725280
[85/300] PMC7544215 ok 5744078
[86/300] PMC6267911 ok 13465
[87/300] PMC8244801 ok 358672
[88/300] PMC9523704 ok 10940104
[89/300] PMC4868715 ok 201009
[90/300] PMC6930663 ok 1392283
[91/300] PMC9446134 ok 3991426
[92/300] PMC7654187 empty 
[93/300] PMC7939353 ok 824628
[94/300] PMC5192436 ok 107984
[95/300] PMC8449801 ok 4036580
[96/300] PMC4854653 ok 194
[97/300] PMC7801129 ok 1762047
[98/300] PMC6208406 ok 13077890
[99/300] PMC7160960 ok 938110
[100/300] PMC6405439 ok 370373
[101/300] PMC6220360 ok 540340
[102/300] PMC8238238 ok 104199
[103/300] PMC8263909 ok 244335
[104/300] PMC4718995 ok 69394
[105/300] PMC7017236 ok 999855
[106/300] PMC4799943 ok 11027
[107/300] PMC7578759 ok 6739519
[108/300] PMC9076612 ok 17391
[109/300] PMC5739415 ok 63627
[110/300] PMC7970134 ok 199529
[111/300] PMC9527379 ok 36395
[112/300] PMC6767396 ok 13342
[113/300] PMC9706042 ok 1520403
[114/300] PMC5762501 ok 364989
[115/300] PMC5204351 ok 2646654
[116/300] PMC7870839 ok 1250070
[117/300] PMC7668614 ok 11343700
[118/300] PMC9682428 ok 99474
[119/300] PMC7073883 ok 59076
[120/300] PMC8397890 ok 160270
[121/300] PMC5663565 ok 1075257
[122/300] PMC8699660 ok 415514
[123/300] PMC8693971 ok 664425
[124/300] PMC8738132 ok 16508
[125/300] PMC5593696 ok 675589
[126/300] PMC8012607 ok 104550490
[127/300] PMC9081172 ok 32339526
[128/300] PMC6476516 ok 114404
[129/300] PMC7846553 ok 181335
[130/300] PMC8302552 ok 218
[131/300] PMC8315538 ok 11830790
[132/300] PMC6347264 ok 27123
[133/300] PMC8443188 ok 116670720
[134/300] PMC8159129 ok 1176157
[135/300] PMC9022316 ok 26557
[136/300] PMC9257990 ok 5409823
[137/300] PMC9550684 ok 3213299
[138/300] PMC7000508 ok 263324
[139/300] PMC9578182 ok 5495583
[140/300] PMC5674043 ok 570625
[141/300] PMC4816761 ok 721363
[142/300] PMC9661734 ok 2054899
[143/300] PMC7465409 ok 2200919
[144/300] PMC6579890 ok 13547309
[145/300] PMC5552748 ok 299609
[146/300] PMC6685102 ok 213795
[147/300] PMC8241650 ok 90703
[148/300] PMC8671823 empty 
[149/300] PMC6080536 ok 164669
[150/300] PMC7751686 ok 5847246
[151/300] PMC8051801 ok 201610
[152/300] PMC5102823 empty 
[153/300] PMC8573892 ok 187829
[154/300] PMC6912285 ok 265317
[155/300] PMC9454770 ok 5863516
[156/300] PMC6611512 ok 1872202
[157/300] PMC7763268 ok 36066
[158/300] PMC7414114 ok 1298256
[159/300] PMC7400789 ok 1378480
[160/300] PMC9248770 ok 224
[161/300] PMC6561946 ok 27841712
[162/300] PMC6428348 ok 16094649
[163/300] PMC6884910 ok 7964499
[164/300] PMC7455022 ok 174
[165/300] PMC8921580 ok 13698185
[166/300] PMC7666200 ok 13085
[167/300] PMC5493289 ok 1651453
[168/300] PMC9156717 ok 63943227
[169/300] PMC6217066 ok 3965323
[170/300] PMC7222439 ok 7185260
[171/300] PMC4924746 ok 3011504
[172/300] PMC9270626 ok 56845
[173/300] PMC4905742 ok 50198
[174/300] PMC9469899 ok 240
[175/300] PMC9464188 ok 112626
[176/300] PMC5601698 ok 1826739
[177/300] PMC9621418 ok 263463
[178/300] PMC6001025 ok 23686248
[179/300] PMC6914286 ok 279349
[180/300] PMC7011040 ok 37612
[181/300] PMC6656540 ok 690467
[182/300] PMC9008500 ok 962374
[183/300] PMC6966654 ok 35127641
[184/300] PMC5967303 ok 106037
[185/300] PMC7238733 ok 1635811
[186/300] PMC7470374 ok 29995
[187/300] PMC9837615 ok 174
[188/300] PMC7455732 ok 6405812
[189/300] PMC7867573 ok 174
[190/300] PMC8886672 ok 2202910
[191/300] PMC6391840 empty 
[192/300] PMC6757060 ok 2206752
[193/300] PMC5916089 ok 54560
[194/300] PMC4896860 ok 172
[195/300] PMC8901808 ok 14811
[196/300] PMC8896613 ok 1243798
[197/300] PMC9750838 ok 803
[198/300] PMC5342500 ok 1869385
[199/300] PMC9093555 ok 19046
[200/300] PMC7071774 ok 88592
[201/300] PMC5356248 ok 970189
[202/300] PMC6281425 ok 5011992
[203/300] PMC6433244 ok 51920
[204/300] PMC6026834 ok 252449
[205/300] PMC5634764 ok 117386
[206/300] PMC5626692 ok 177526
[207/300] PMC9287210 ok 11636
[208/300] PMC5581083 ok 2089777
[209/300] PMC7236781 ok 406432
[210/300] PMC10036132 ok 4222062
[211/300] PMC6600803 ok 39423
[212/300] PMC9588015 ok 1275222
[213/300] PMC6086004 ok 293967
[214/300] PMC8558154 ok 241009
[215/300] PMC5161532 ok 6422495
[216/300] PMC5464343 ok 36077
[217/300] PMC9663828 ok 1264976
[218/300] PMC8025032 ok 483928
[219/300] PMC4823109 ok 629861
[220/300] PMC8763369 ok 18478
[221/300] PMC7674704 ok 438316
[222/300] PMC5399194 ok 202855
[223/300] PMC7314527 ok 4336125
[224/300] PMC5392962 ok 19200
[225/300] PMC5709615 ok 127653
[226/300] PMC7407230 ok 150657
[227/300] PMC5311075 ok 174
[228/300] PMC5171813 ok 6671506
[229/300] PMC6565485 ok 34432
[230/300] PMC5289428 ok 47488
[231/300] PMC5725089 ok 279924
[232/300] PMC6203837 ok 1709749
[233/300] PMC8986735 ok 465821
[234/300] PMC6345941 ok 136671
[235/300] PMC7215898 ok 348680
[236/300] PMC8626906 ok 2579521
[237/300] PMC8376636 ok 76419737
[238/300] PMC4795322 ok 29080
[239/300] PMC5865662 ok 1805734
[240/300] PMC6298990 ok 6795435
[241/300] PMC7643076 too_large 
[242/300] PMC5566425 ok 622236
[243/300] PMC7192374 ok 452524
[244/300] PMC5519529 empty 
[245/300] PMC9290161 ok 10304
[246/300] PMC6976521 ok 176
[247/300] PMC5590193 ok 67342
[248/300] PMC9007999 ok 8125009
[249/300] PMC8585614 ok 204
[250/300] PMC8740706 ok 17787664
[251/300] PMC7893974 ok 973190
[252/300] PMC6437174 ok 676270
[253/300] PMC5758798 ok 154294
[254/300] PMC6429899 ok 1986605
[255/300] PMC5589983 ok 3375019
[256/300] PMC6226490 ok 96612117
[257/300] PMC9239530 ok 1782426
[258/300] PMC5292751 ok 790457
[259/300] PMC6378979 ok 5365842
[260/300] PMC5340126 ok 3336035
[261/300] PMC7961649 ok 844276
[262/300] PMC8305148 ok 373896
[263/300] PMC8943134 ok 29706426
[264/300] PMC7767145 ok 1200604
[265/300] PMC8301582 ok 67310
[266/300] PMC5008295 ok 542149
[267/300] PMC5762610 ok 2759099
[268/300] PMC5828213 ok 2151565
[269/300] PMC5889587 ok 11580529
[270/300] PMC7547070 ok 67133
[271/300] PMC9328957 ok 2662382
[272/300] PMC5302978 ok 1318773
[273/300] PMC9040206 ok 1845295
[274/300] PMC5331147 ok 591432
[275/300] PMC7001949 ok 678808
[276/300] PMC9459895 ok 1599618
[277/300] PMC5412118 ok 218877
[278/300] PMC5750231 ok 49508071
[279/300] PMC9083187 ok 351540
[280/300] PMC8492335 ok 2546128
[281/300] PMC7103487 ok 174
[282/300] PMC6425951 ok 176
[283/300] PMC8142020 ok 258472
[284/300] PMC6181240 ok 174
[285/300] PMC5521028 ok 2705732
[286/300] PMC6525037 ok 174
[287/300] PMC9764637 ok 961675
[288/300] PMC6210052 ok 1971124
[289/300] PMC5460115 ok 27758
[290/300] PMC7033104 ok 18408950
[291/300] PMC4823059 ok 2539037
[292/300] PMC8364654 ok 183014
[293/300] PMC8408146 ok 12648692
[294/300] PMC9536271 ok 1435549
[295/300] PMC8811753 ok 174
[296/300] PMC8595664 ok 5531353
[297/300] PMC7794185 ok 105103
[298/300] PMC8629426 ok 203347
[299/300] PMC8849557 ok 224
[300/300] PMC7513343 ok 4986270
{'ok': 291, 'empty': 8, 'too_large': 1}
/Users/oj/DinoProjects/ODS Impact Prize/.venv/lib/python3.14/site-packages/openpyxl/worksheet/_reader.py:329: UserWarning: Unknown extension is not supported and will be removed
  warn(msg)
classified 671 files across 300 papers -> data/files.csv, data/papers.csv
DONE breast cancer
