query hit count 1271 ; collected 1272 with a PMC id
sampled 300 -> data/sample.json
[1/300] PMC9797243 empty 
[2/300] PMC8364569 ok 176
[3/300] PMC9177690 ok 218
[4/300] PMC8599380 ok 980634
[5/300] PMC4705648 ok 3987732
[6/300] PMC5354847 ok 179238
[7/300] PMC6601074 ok 1526095
[8/300] PMC8794880 ok 112769
[9/300] PMC6969520 ok 264976
[10/300] PMC7012907 ok 26577755
[11/300] PMC5815604 ok 1391438
[12/300] PMC6624260 ok 2476891
[13/300] PMC6533116 ok 176
[14/300] PMC9522595 ok 8394290
[15/300] PMC9768237 ok 209396
[16/300] PMC7849578 ok 2754069
[17/300] PMC5709252 ok 174
[18/300] PMC7590517 ok 7934
[19/300] PMC9107507 ok 216
[20/300] PMC9406943 ok 347908
[21/300] PMC8243474 ok 594376
[22/300] PMC5670032 ok 151905
[23/300] PMC5431828 ok 299618
[24/300] PMC6312012 ok 1286123
[25/300] PMC8720242 ok 484057
[26/300] PMC8310324 ok 64382
[27/300] PMC5856557 ok 8351989
[28/300] PMC5132067 ok 53467
[29/300] PMC7576156 ok 3906674
[30/300] PMC7538974 ok 3657851
[31/300] PMC5805309 ok 741489
[32/300] PMC5577668 ok 570777
[33/300] PMC8929598 ok 143199
[34/300] PMC8141515 ok 4395593
[35/300] PMC9246987 ok 4699876
[36/300] PMC6374186 ok 174
[37/300] PMC6683199 ok 37415
[38/300] PMC7886901 ok 16710818
[39/300] PMC7927994 ok 267565
[40/300] PMC5777029 ok 1987195
[41/300] PMC4948888 ok 1911165
[42/300] PMC9935551 ok 1011110
[43/300] PMC6480977 ok 430618
[44/300] PMC4924788 ok 1445856
[45/300] PMC5332311 ok 172
[46/300] PMC5215491 ok 174
[47/300] PMC6428263 empty 
[48/300] PMC6920560 ok 176
[49/300] PMC5323144 ok 571402
[50/300] PMC9327550 ok 130731
[51/300] PMC7321988 ok 1537362
[52/300] PMC9621143 ok 10222638
[53/300] PMC7120351 ok 107399
[54/300] PMC7005177 ok 3757181
[55/300] PMC7477986 ok 284595
[56/300] PMC8606166 ok 31873
[57/300] PMC6497463 ok 4012577
[58/300] PMC4863962 empty 
[59/300] PMC6694122 ok 9956285
[60/300] PMC9570078 ok 243669
[61/300] PMC8982388 ok 985360
[62/300] PMC7425159 ok 4790392
[63/300] PMC9006266 ok 231824
[64/300] PMC9631572 ok 865559
[65/300] PMC6082162 ok 172
[66/300] PMC5959866 too_large 
[67/300] PMC7387317 ok 174
[68/300] PMC8973317 ok 176
[69/300] PMC5709258 ok 174
[70/300] PMC6128690 ok 11168842
[71/300] PMC6331136 ok 19542
[72/300] PMC6320735 ok 174
[73/300] PMC9043933 ok 2196880
[74/300] PMC5312311 ok 2556248
[75/300] PMC9383266 ok 368599
[76/300] PMC5462858 ok 40228
[77/300] PMC6010788 ok 63669
[78/300] PMC8531894 ok 20596160
[79/300] PMC9631557 ok 1603427
[80/300] PMC6537233 ok 341547
[81/300] PMC8727916 ok 633377
[82/300] PMC7034898 ok 52277
[83/300] PMC5973864 ok 698111
[84/300] PMC8566485 ok 3829028
[85/300] PMC8580619 ok 3743753
[86/300] PMC6165819 ok 4064541
[87/300] PMC10976320 ok 216
[88/300] PMC9139225 ok 811650
[89/300] PMC6680647 ok 3710109
[90/300] PMC6883925 ok 210
[91/300] PMC6090987 ok 2029720
[92/300] PMC7596813 ok 60999
[93/300] PMC7368465 ok 186718
[94/300] PMC6858733 ok 48569
[95/300] PMC8727287 ok 248
[96/300] PMC9177679 ok 216
[97/300] PMC7438233 empty 
[98/300] PMC5802628 ok 2708286
[99/300] PMC5808068 ok 228274
[100/300] PMC7724912 ok 460834
[101/300] PMC8885421 ok 4484121
[102/300] PMC7183909 ok 174
[103/300] PMC6148437 ok 188
[104/300] PMC5558867 ok 190
[105/300] PMC8261916 ok 104164
[106/300] PMC5650952 empty 
[107/300] PMC9718684 ok 37063803
[108/300] PMC5517805 ok 2512299
[109/300] PMC8869715 ok 3989361
[110/300] PMC5841735 ok 896592
[111/300] PMC6200731 ok 1580929
[112/300] PMC8222245 ok 3892759
[113/300] PMC4944897 ok 55348
[114/300] PMC7050288 ok 176
[115/300] PMC5302887 ok 58493
[116/300] PMC4911325 ok 174
[117/300] PMC4846597 ok 174
[118/300] PMC5560704 ok 2895489
[119/300] PMC7042303 ok 239685
[120/300] PMC5965255 ok 238696
[121/300] PMC6486546 ok 4213118
[122/300] PMC7084745 ok 260462
[123/300] PMC9534506 ok 1049307
[124/300] PMC7604631 ok 48795
[125/300] PMC8932663 ok 14260100
[126/300] PMC5500007 ok 230216
[127/300] PMC7526544 ok 310286
[128/300] PMC8532198 ok 11726711
[129/300] PMC5394958 ok 1442979
[130/300] PMC7776347 ok 549222
[131/300] PMC6442980 ok 346044
[132/300] PMC8556368 ok 8931809
[133/300] PMC6192860 ok 174
[134/300] PMC8830224 ok 141931
[135/300] PMC9152975 ok 5702257
[136/300] PMC6636280 ok 809756
[137/300] PMC8100891 ok 11223
[138/300] PMC6916423 ok 47679
[139/300] PMC7644662 ok 364969
[140/300] PMC6249323 ok 822325
[141/300] PMC7314847 ok 21304532
[142/300] PMC5792275 ok 1550825
[143/300] PMC5175335 ok 663329
[144/300] PMC8155811 ok 174
[145/300] PMC5663521 ok 3089693
[146/300] PMC5442648 ok 61673927
[147/300] PMC7084408 ok 125378
[148/300] PMC5410248 ok 2192496
[149/300] PMC8092005 ok 8288717
[150/300] PMC8719088 ok 907530
[151/300] PMC7574303 ok 8674597
[152/300] PMC7776352 ok 4677
[153/300] PMC8752192 ok 247599
[154/300] PMC9153019 ok 475775
[155/300] PMC7693375 ok 1927434
[156/300] PMC5064867 ok 174
[157/300] PMC8248901 ok 210
[158/300] PMC8119290 ok 174
[159/300] PMC4838884 ok 7738866
[160/300] PMC4856559 ok 172
[161/300] PMC6649800 ok 66027
[162/300] PMC7647286 ok 1000322
[163/300] PMC6013781 ok 71404
[164/300] PMC8248805 ok 946582
[165/300] PMC7894150 ok 19118
[166/300] PMC5625299 ok 172
[167/300] PMC9043926 ok 219704
[168/300] PMC5638296 ok 638137
[169/300] PMC9616867 ok 1307223
[170/300] PMC5012566 ok 26069035
[171/300] PMC9213819 ok 5955174
[172/300] PMC5772495 ok 2122764
[173/300] PMC5716937 ok 75045
[174/300] PMC8632331 too_large 
[175/300] PMC5451334 ok 713416
[176/300] PMC7515845 ok 1359457
[177/300] PMC8037139 ok 393699
[178/300] PMC7956145 ok 353098
[179/300] PMC5041898 ok 8039661
[180/300] PMC8807390 ok 28549350
[181/300] PMC7291851 ok 176
[182/300] PMC5814232 ok 874539
[183/300] PMC5927978 ok 708972
[184/300] PMC6853146 ok 1257620
[185/300] PMC9481139 ok 7607412
[186/300] PMC8508452 ok 2416906
[187/300] PMC9327559 ok 535765
[188/300] PMC6773521 ok 176
[189/300] PMC6557490 ok 73511
[190/300] PMC9006306 ok 680113
[191/300] PMC8548922 ok 3015312
[192/300] PMC8945291 ok 3163054
[193/300] PMC6354733 ok 268095
[194/300] PMC6756038 ok 90518
[195/300] PMC6068018 ok 189035
[196/300] PMC7604634 ok 266335
[197/300] PMC6944109 ok 663023
[198/300] PMC4972639 ok 172
[199/300] PMC5945587 ok 530017
[200/300] PMC9335101 ok 518050
[201/300] PMC8905691 ok 269913
[202/300] PMC5870673 ok 6591753
[203/300] PMC5066240 ok 33972760
[204/300] PMC8579250 ok 82432
[205/300] PMC6668401 ok 3252079
[206/300] PMC5979452 ok 31335
[207/300] PMC6529443 ok 280948
[208/300] PMC7520302 ok 157934
[209/300] PMC7196584 ok 921954
[210/300] PMC5355038 ok 1662169
[211/300] PMC5349906 ok 1189330
[212/300] PMC5089920 empty 
[213/300] PMC6680714 ok 886391
[214/300] PMC6586617 ok 1570173
[215/300] PMC6856069 ok 761108
[216/300] PMC5526055 ok 174
[217/300] PMC5369961 ok 1041857
[218/300] PMC6469926 ok 216306
[219/300] PMC6988309 ok 1581050
[220/300] PMC8559504 ok 325724
[221/300] PMC5986286 ok 172
[222/300] PMC6400938 ok 9908633
[223/300] PMC5140770 ok 172
[224/300] PMC8773437 empty 
[225/300] PMC9631628 ok 4838720
[226/300] PMC7067886 ok 152373
[227/300] PMC6536934 ok 33239
[228/300] PMC6269310 ok 3394838
[229/300] PMC8190296 ok 334789
[230/300] PMC6336352 ok 28086
[231/300] PMC4877578 ok 1059116
[232/300] PMC4823160 ok 174
[233/300] PMC6647096 ok 72655
[234/300] PMC8222551 ok 14636313
[235/300] PMC7493976 ok 31381920
[236/300] PMC9223383 ok 305904
[237/300] PMC9059786 ok 5137137
[238/300] PMC8455651 ok 116223
[239/300] PMC4856318 ok 13674426
[240/300] PMC4913309 ok 1512290
[241/300] PMC5352411 ok 1334441
[242/300] PMC7688551 ok 176
[243/300] PMC9441716 ok 630835
[244/300] PMC9533407 ok 4800217
[245/300] PMC8327883 ok 733237
[246/300] PMC4872784 ok 1838253
[247/300] PMC6467779 ok 173511
[248/300] PMC9545983 ok 61991
[249/300] PMC7271568 ok 383985
[250/300] PMC5332289 ok 172
[251/300] PMC6445099 ok 16937141
[252/300] PMC5754357 ok 5232115
[253/300] PMC8596993 empty 
[254/300] PMC6858565 ok 190
[255/300] PMC6405293 ok 174
[256/300] PMC9278301 ok 177269
[257/300] PMC7407511 ok 1289456
[258/300] PMC7327051 ok 885859
[259/300] PMC4985262 ok 17811755
[260/300] PMC8403728 ok 13285885
[261/300] PMC8183032 ok 1402324
[262/300] PMC7696413 ok 20192781
[263/300] PMC5773964 ok 38152
[264/300] PMC4703539 ok 172
[265/300] PMC6211598 empty 
[266/300] PMC7513343 ok 4986270
[267/300] PMC6612510 ok 3013418
[268/300] PMC9052896 ok 369644
[269/300] PMC6440839 ok 176
[270/300] PMC6814808 too_large 
[271/300] PMC5622850 ok 388020
[272/300] PMC5342712 ok 7210516
[273/300] PMC9051098 ok 9770722
[274/300] PMC9485122 ok 8638974
[275/300] PMC4871414 ok 1733850
[276/300] PMC9110299 ok 4720808
[277/300] PMC9577622 ok 1317352
[278/300] PMC8445225 ok 21263028
[279/300] PMC7854800 ok 176
[280/300] PMC8753197 ok 743941
[281/300] PMC10257143 ok 254
[282/300] PMC11022957 ok 3406802
[283/300] PMC9701798 ok 16050058
[284/300] PMC8586352 ok 68696813
[285/300] PMC8864666 ok 744717
[286/300] PMC9529062 ok 1692819
[287/300] PMC7196026 ok 174
[288/300] PMC6202254 ok 174
[289/300] PMC7479488 ok 43609
[290/300] PMC6168426 ok 172
[291/300] PMC7833659 ok 28781
[292/300] PMC6317322 ok 26590642
[293/300] PMC4816303 ok 9659914
[294/300] PMC8881579 ok 21473948
[295/300] PMC7272263 ok 176
[296/300] PMC8753211 ok 60026
[297/300] PMC8606012 ok 1016078
[298/300] PMC7934939 ok 2245602
[299/300] PMC8931092 ok 5901251
[300/300] PMC9523374 ok 94217173
{'empty': 9, 'ok': 288, 'too_large': 3}
/Users/oj/DinoProjects/ODS Impact Prize/.venv/lib/python3.14/site-packages/openpyxl/worksheet/_reader.py:329: UserWarning: Unknown extension is not supported and will be removed
  warn(msg)
/Users/oj/DinoProjects/ODS Impact Prize/.venv/lib/python3.14/site-packages/openpyxl/reader/workbook.py:118: UserWarning: Print area cannot be set to Defined name: 'Venn diagram results'!$A:$J.
  warn(f"Print area cannot be set to Defined name: {defn.value}.")
/Users/oj/DinoProjects/ODS Impact Prize/.venv/lib/python3.14/site-packages/openpyxl/reader/workbook.py:84: UserWarning: File contains an invalid specification for 0. This will be removed
  warn(msg)
classified 781 files across 300 papers -> data/files.csv, data/papers.csv
DONE leukemia
