query hit count 888 ; collected 888 with a PMC id
sampled 300 -> data/sample.json
[1/300] PMC9536193 ok 204
[2/300] PMC7850547 ok 254003
[3/300] PMC7058788 ok 103879
[4/300] PMC8914488 ok 166307
[5/300] PMC9540677 ok 26309
[6/300] PMC8290226 ok 243093
[7/300] PMC6512312 ok 174
[8/300] PMC6780796 ok 358312
[9/300] PMC8984655 ok 59641
[10/300] PMC9610492 ok 74712
[11/300] PMC7745018 ok 305428
[12/300] PMC8076175 ok 176750
[13/300] PMC6591576 ok 101065
[14/300] PMC9049976 ok 991220
[15/300] PMC8740438 ok 484291
[16/300] PMC8429734 ok 14987821
[17/300] PMC6548004 ok 161251
[18/300] PMC5012582 ok 325877
[19/300] PMC5762263 ok 172
[20/300] PMC5943438 ok 799051
[21/300] PMC5109293 ok 184027
[22/300] PMC9789680 ok 871853
[23/300] PMC8917698 ok 5455311
[24/300] PMC5047780 ok 182583
[25/300] PMC5522311 ok 1672566
[26/300] PMC4905471 ok 369639
[27/300] PMC7843928 ok 85186465
[28/300] PMC9526951 ok 40117
[29/300] PMC7297950 ok 16676
[30/300] PMC6176615 too_large 
[31/300] PMC5888819 ok 528824
[32/300] PMC5173124 ok 631712
[33/300] PMC5426844 ok 1324230
[34/300] PMC7139960 ok 7782621
[35/300] PMC5414379 ok 1634579
[36/300] PMC8842457 ok 1122895
[37/300] PMC5788646 ok 363699
[38/300] PMC9271408 ok 86547
[39/300] PMC6902810 ok 103051
[40/300] PMC7469292 ok 1163259
[41/300] PMC7250871 ok 2636181
[42/300] PMC9745558 ok 2258231
[43/300] PMC9004139 ok 1552465
[44/300] PMC7301987 ok 399764
[45/300] PMC6326296 ok 2205533
[46/300] PMC6199768 ok 13232
[47/300] PMC9019876 ok 19949
[48/300] PMC5597468 ok 36442
[49/300] PMC8327837 ok 3467219
[50/300] PMC4820809 ok 1187285
[51/300] PMC9326335 ok 6825863
[52/300] PMC8945886 ok 4809379
[53/300] PMC6880503 ok 519966
[54/300] PMC5868294 ok 793451
[55/300] PMC8912563 ok 2929598
[56/300] PMC7926020 ok 27686
[57/300] PMC6005533 ok 404206
[58/300] PMC5625675 ok 26071
[59/300] PMC7656952 ok 127169
[60/300] PMC5696185 ok 761532
[61/300] PMC9683694 ok 44825
[62/300] PMC6331021 ok 3358296
[63/300] PMC9523497 ok 145031
[64/300] PMC4960006 ok 172
[65/300] PMC5351837 ok 112360
[66/300] PMC8328084 ok 16624721
[67/300] PMC4782175 ok 1288409
[68/300] PMC7654150 ok 15707
[69/300] PMC6798382 ok 517124
[70/300] PMC4788441 ok 53026
[71/300] PMC9380122 ok 212
[72/300] PMC4848192 ok 172
[73/300] PMC9776431 ok 40957
[74/300] PMC7371703 ok 10555934
[75/300] PMC5453827 ok 1089968
[76/300] PMC7463170 ok 2315086
[77/300] PMC8789617 ok 1413652
[78/300] PMC4967007 ok 174
[79/300] PMC6590166 ok 1577641
[80/300] PMC6606573 ok 302147
[81/300] PMC7461788 ok 4012483
[82/300] PMC9770947 ok 18334644
[83/300] PMC8908991 ok 1686704
[84/300] PMC9658674 ok 550821
[85/300] PMC6398873 ok 1296435
[86/300] PMC9365282 ok 42892616
[87/300] PMC8102177 ok 69858772
[88/300] PMC9279149 ok 479665
[89/300] PMC7042281 ok 50611
[90/300] PMC5223061 ok 23889
[91/300] PMC6210051 ok 697811
[92/300] PMC7063513 ok 303184
[93/300] PMC5021945 ok 766017
[94/300] PMC8634566 ok 71513
[95/300] PMC8099562 ok 6249563
[96/300] PMC8990071 ok 75056
[97/300] PMC6894764 ok 65046
[98/300] PMC7313200 ok 333971
[99/300] PMC9458129 ok 643101
[100/300] PMC6008474 ok 509488
[101/300] PMC7377340 ok 24230
[102/300] PMC7186327 ok 14053
[103/300] PMC6857048 ok 1230187
[104/300] PMC8613248 ok 649866
[105/300] PMC9354433 ok 97082143
[106/300] PMC8563962 ok 16769092
[107/300] PMC7263654 ok 29545
[108/300] PMC9702366 ok 279598
[109/300] PMC8973409 ok 399401
[110/300] PMC5342034 ok 1082469
[111/300] PMC8051079 ok 42042
[112/300] PMC4934916 empty 
[113/300] PMC5589988 ok 167770
[114/300] PMC8495276 ok 152335
[115/300] PMC7043296 ok 69496
[116/300] PMC7691584 ok 6261104
[117/300] PMC6743187 ok 420408
[118/300] PMC8525497 ok 66383335
[119/300] PMC5814196 ok 159032
[120/300] PMC6659640 ok 165473
[121/300] PMC7596860 ok 1308828
[122/300] PMC9482803 ok 375421
[123/300] PMC4947703 ok 114572
[124/300] PMC5514916 ok 956648
[125/300] PMC8218518 ok 385333
[126/300] PMC9684078 ok 75026214
[127/300] PMC7666424 ok 288690
[128/300] PMC6592291 ok 975406
[129/300] PMC5749743 empty 
[130/300] PMC6353894 ok 45720
[131/300] PMC9251876 ok 28073
[132/300] PMC9577043 ok 121083
[133/300] PMC4823026 ok 279585
[134/300] PMC6055229 ok 4268276
[135/300] PMC4884266 ok 213073
[136/300] PMC5065124 ok 1249117
[137/300] PMC6748965 ok 1580940
[138/300] PMC7669228 ok 158937
[139/300] PMC6509857 ok 39228
[140/300] PMC5871906 ok 5769180
[141/300] PMC6374075 ok 58584863
[142/300] PMC7226071 ok 4164775
[143/300] PMC9663870 ok 171347
[144/300] PMC9218363 ok 376209
[145/300] PMC7492388 ok 15555
[146/300] PMC7916378 ok 352310
[147/300] PMC4849741 ok 18184
[148/300] PMC8002283 ok 270559
[149/300] PMC5677973 ok 465538
[150/300] PMC4833866 ok 8396042
[151/300] PMC8976149 ok 18255
[152/300] PMC8809884 ok 208
[153/300] PMC8266110 ok 449789
[154/300] PMC7884678 ok 85343
[155/300] PMC8907344 ok 16366080
[156/300] PMC8134523 ok 193649
[157/300] PMC9404402 ok 3789919
[158/300] PMC5767035 ok 78883
[159/300] PMC8004880 ok 872629
[160/300] PMC7699725 ok 914869
[161/300] PMC8654799 ok 11299523
[162/300] PMC8963412 ok 54038
[163/300] PMC5452067 ok 6171034
[164/300] PMC7454700 ok 264771
[165/300] PMC8708954 ok 725976
[166/300] PMC6510666 ok 174
[167/300] PMC6824083 empty 
[168/300] PMC7810691 ok 3048893
[169/300] PMC7000804 ok 3092541
[170/300] PMC8346704 ok 1267957
[171/300] PMC5300695 ok 88694
[172/300] PMC9403767 ok 474423
[173/300] PMC8365311 ok 107170
[174/300] PMC5180401 ok 1251991
[175/300] PMC8904347 ok 12088
[176/300] PMC6579719 ok 220
[177/300] PMC7522246 ok 848123
[178/300] PMC9559022 ok 47499
[179/300] PMC5589620 ok 46352015
[180/300] PMC6548955 ok 108309
[181/300] PMC6157960 ok 9664686
[182/300] PMC8437135 ok 206
[183/300] PMC9287310 ok 7469828
[184/300] PMC5135447 ok 4487898
[185/300] PMC8582562 ok 279575
[186/300] PMC8490431 ok 193353
[187/300] PMC6561306 ok 51519332
[188/300] PMC8562700 ok 805440
[189/300] PMC7590517 ok 7934
[190/300] PMC9064097 ok 12897002
[191/300] PMC7052898 ok 31139003
[192/300] PMC7026696 ok 1524502
[193/300] PMC6826139 ok 1055173
[194/300] PMC6013500 ok 108100
[195/300] PMC4866771 ok 290443
[196/300] PMC6789432 ok 196
[197/300] PMC7062901 ok 14066985
[198/300] PMC6209341 ok 23543
[199/300] PMC8666642 ok 497493
[200/300] PMC5519024 ok 8335992
[201/300] PMC5309719 ok 13775250
[202/300] PMC7026697 ok 2402632
[203/300] PMC5216716 ok 453197
[204/300] PMC9396789 ok 179342
[205/300] PMC7646594 ok 4529760
[206/300] PMC6355061 ok 166768
[207/300] PMC9156546 ok 214
[208/300] PMC7749603 ok 14240267
[209/300] PMC9210923 ok 893090
[210/300] PMC7732270 ok 482084
[211/300] PMC7289893 too_large 
[212/300] PMC6694562 ok 3501209
[213/300] PMC7532678 ok 497384
[214/300] PMC5510812 empty 
[215/300] PMC9560553 ok 150500
[216/300] PMC7399195 ok 29679
[217/300] PMC5106372 ok 7771779
[218/300] PMC7923075 ok 284814
[219/300] PMC8174505 ok 20028
[220/300] PMC4822091 ok 43294
[221/300] PMC9721091 ok 1556705
[222/300] PMC6761996 ok 174
[223/300] PMC8420050 ok 2628698
[224/300] PMC7815927 ok 260727
[225/300] PMC5559077 ok 1422849
[226/300] PMC5642654 ok 1899653
[227/300] PMC5141297 ok 10065383
[228/300] PMC5819251 ok 259393
[229/300] PMC5527460 ok 700461
[230/300] PMC8266435 ok 28442
[231/300] PMC6081371 ok 768778
[232/300] PMC7662650 ok 715225
[233/300] PMC5327728 ok 44490167
[234/300] PMC9398996 ok 188
[235/300] PMC6265303 ok 68670
[236/300] PMC7156452 ok 9645162
[237/300] PMC7413618 ok 124580
[238/300] PMC7477374 ok 885901
[239/300] PMC7948743 ok 915056
[240/300] PMC7823125 ok 30476645
[241/300] PMC5638841 ok 5711021
[242/300] PMC5630314 ok 3753749
[243/300] PMC6956221 ok 177225
