retrying failed downloads...
{'ok': 4673, 'too_large': 86}
classifying every file...
[25/4759] 0%  elapsed 0m  about 23m left
[50/4759] 1%  elapsed 0m  about 62m left
[75/4759] 1%  elapsed 0m  about 56m left
[100/4759] 2%  elapsed 1m  about 75m left
[125/4759] 2%  elapsed 1m  about 68m left
[150/4759] 3%  elapsed 1m  about 59m left
[175/4759] 3%  elapsed 2m  about 56m left
[200/4759] 4%  elapsed 2m  about 64m left
[225/4759] 4%  elapsed 3m  about 61m left
[250/4759] 5%  elapsed 3m  about 62m left
[275/4759] 5%  elapsed 3m  about 64m left
[300/4759] 6%  elapsed 4m  about 66m left
[325/4759] 6%  elapsed 4m  about 63m left
[350/4759] 7%  elapsed 4m  about 61m left
[375/4759] 7%  elapsed 5m  about 58m left
[400/4759] 8%  elapsed 5m  about 59m left
[425/4759] 8%  elapsed 6m  about 63m left
[450/4759] 9%  elapsed 6m  about 62m left
[475/4759] 9%  elapsed 6m  about 60m left
[500/4759] 10%  elapsed 6m  about 58m left
[525/4759] 11%  elapsed 7m  about 57m left
[550/4759] 11%  elapsed 7m  about 57m left
[575/4759] 12%  elapsed 7m  about 57m left
[600/4759] 12%  elapsed 7m  about 55m left
[625/4759] 13%  elapsed 8m  about 53m left
[650/4759] 13%  elapsed 8m  about 52m left
[675/4759] 14%  elapsed 8m  about 52m left
[700/4759] 14%  elapsed 9m  about 53m left
[725/4759] 15%  elapsed 9m  about 52m left
[750/4759] 15%  elapsed 10m  about 56m left
[775/4759] 16%  elapsed 10m  about 55m left
[800/4759] 16%  elapsed 11m  about 55m left
[825/4759] 17%  elapsed 11m  about 54m left
[850/4759] 17%  elapsed 11m  about 53m left
[875/4759] 18%  elapsed 11m  about 53m left
[900/4759] 18%  elapsed 12m  about 55m left
[925/4759] 19%  elapsed 13m  about 55m left
[950/4759] 19%  elapsed 13m  about 55m left
[975/4759] 20%  elapsed 13m  about 53m left
[1000/4759] 21%  elapsed 14m  about 54m left
[1025/4759] 21%  elapsed 15m  about 56m left
[1050/4759] 22%  elapsed 16m  about 56m left
[1075/4759] 22%  elapsed 16m  about 56m left
[1100/4759] 23%  elapsed 16m  about 55m left
[1125/4759] 23%  elapsed 17m  about 55m left
[1150/4759] 24%  elapsed 17m  about 54m left
[1175/4759] 24%  elapsed 17m  about 53m left
[1200/4759] 25%  elapsed 18m  about 54m left
[1225/4759] 25%  elapsed 18m  about 54m left
[1250/4759] 26%  elapsed 19m  about 53m left
[1275/4759] 26%  elapsed 19m  about 53m left
[1300/4759] 27%  elapsed 19m  about 52m left
[1325/4759] 27%  elapsed 20m  about 52m left
[1350/4759] 28%  elapsed 20m  about 52m left
[1375/4759] 28%  elapsed 22m  about 54m left
[1400/4759] 29%  elapsed 22m  about 55m left
[1425/4759] 29%  elapsed 23m  about 55m left
[1450/4759] 30%  elapsed 23m  about 54m left
[1475/4759] 30%  elapsed 24m  about 54m left
[1500/4759] 31%  elapsed 24m  about 54m left
[1525/4759] 32%  elapsed 25m  about 54m left
[1550/4759] 32%  elapsed 26m  about 54m left
[1575/4759] 33%  elapsed 28m  about 57m left
[1600/4759] 33%  elapsed 30m  about 60m left
[1625/4759] 34%  elapsed 32m  about 62m left
[1650/4759] 34%  elapsed 33m  about 62m left
[1675/4759] 35%  elapsed 33m  about 62m left
[1700/4759] 35%  elapsed 33m  about 61m left
[1725/4759] 36%  elapsed 34m  about 61m left
[1750/4759] 36%  elapsed 36m  about 62m left
[1775/4759] 37%  elapsed 36m  about 61m left
[1800/4759] 37%  elapsed 37m  about 61m left
[1825/4759] 38%  elapsed 37m  about 60m left
[1850/4759] 38%  elapsed 38m  about 60m left
[1875/4759] 39%  elapsed 38m  about 59m left
[1900/4759] 39%  elapsed 38m  about 58m left
[1925/4759] 40%  elapsed 39m  about 58m left
[1950/4759] 40%  elapsed 39m  about 57m left
[1975/4759] 41%  elapsed 40m  about 56m left
[2000/4759] 42%  elapsed 40m  about 56m left
[2025/4759] 42%  elapsed 42m  about 57m left
[2050/4759] 43%  elapsed 44m  about 58m left
[2075/4759] 43%  elapsed 46m  about 59m left
[2100/4759] 44%  elapsed 47m  about 59m left
[2125/4759] 44%  elapsed 48m  about 60m left
[2150/4759] 45%  elapsed 49m  about 59m left
[2175/4759] 45%  elapsed 50m  about 59m left
[2200/4759] 46%  elapsed 51m  about 59m left
[2225/4759] 46%  elapsed 51m  about 58m left
[2250/4759] 47%  elapsed 51m  about 57m left
[2275/4759] 47%  elapsed 54m  about 59m left
[2300/4759] 48%  elapsed 55m  about 59m left
[2325/4759] 48%  elapsed 55m  about 58m left
[2350/4759] 49%  elapsed 57m  about 58m left
[2375/4759] 49%  elapsed 58m  about 58m left
[2400/4759] 50%  elapsed 59m  about 58m left
[2425/4759] 50%  elapsed 60m  about 57m left
[2450/4759] 51%  elapsed 60m  about 57m left
[2475/4759] 52%  elapsed 61m  about 56m left
[2500/4759] 52%  elapsed 62m  about 56m left
[2525/4759] 53%  elapsed 62m  about 55m left
[2550/4759] 53%  elapsed 63m  about 54m left
[2575/4759] 54%  elapsed 64m  about 54m left
[2600/4759] 54%  elapsed 65m  about 53m left
[2625/4759] 55%  elapsed 65m  about 53m left
[2650/4759] 55%  elapsed 66m  about 52m left
[2675/4759] 56%  elapsed 66m  about 52m left
[2700/4759] 56%  elapsed 68m  about 52m left
[2725/4759] 57%  elapsed 71m  about 53m left
[2750/4759] 57%  elapsed 71m  about 52m left
[2775/4759] 58%  elapsed 73m  about 52m left
[2800/4759] 58%  elapsed 73m  about 51m left
[2825/4759] 59%  elapsed 73m  about 50m left
[2850/4759] 59%  elapsed 74m  about 50m left
[2875/4759] 60%  elapsed 75m  about 49m left
[2900/4759] 60%  elapsed 77m  about 49m left
[2925/4759] 61%  elapsed 78m  about 49m left
[2950/4759] 61%  elapsed 79m  about 48m left
[2975/4759] 62%  elapsed 79m  about 47m left
[3000/4759] 63%  elapsed 80m  about 47m left
[3025/4759] 63%  elapsed 80m  about 46m left
[3050/4759] 64%  elapsed 82m  about 46m left
[3075/4759] 64%  elapsed 82m  about 45m left
[3100/4759] 65%  elapsed 83m  about 44m left
[3125/4759] 65%  elapsed 84m  about 44m left
[3150/4759] 66%  elapsed 85m  about 43m left
[3175/4759] 66%  elapsed 86m  about 43m left
[3200/4759] 67%  elapsed 88m  about 42m left
[3225/4759] 67%  elapsed 89m  about 42m left
[3250/4759] 68%  elapsed 90m  about 41m left
[3275/4759] 68%  elapsed 91m  about 41m left
[3300/4759] 69%  elapsed 91m  about 40m left
[3325/4759] 69%  elapsed 96m  about 41m left
[3350/4759] 70%  elapsed 97m  about 41m left
[3375/4759] 70%  elapsed 98m  about 40m left
[3400/4759] 71%  elapsed 99m  about 39m left
[3425/4759] 71%  elapsed 100m  about 39m left
[3450/4759] 72%  elapsed 101m  about 38m left
[3475/4759] 73%  elapsed 102m  about 37m left
[3500/4759] 73%  elapsed 102m  about 36m left
[3525/4759] 74%  elapsed 103m  about 36m left
[3550/4759] 74%  elapsed 104m  about 35m left
[3575/4759] 75%  elapsed 105m  about 34m left
[3600/4759] 75%  elapsed 106m  about 34m left
[3625/4759] 76%  elapsed 108m  about 33m left
[3650/4759] 76%  elapsed 109m  about 33m left
[3675/4759] 77%  elapsed 109m  about 32m left
[3700/4759] 77%  elapsed 115m  about 33m left
[3725/4759] 78%  elapsed 119m  about 33m left
[3750/4759] 78%  elapsed 119m  about 32m left
[3775/4759] 79%  elapsed 120m  about 31m left
[3800/4759] 79%  elapsed 121m  about 30m left
[3825/4759] 80%  elapsed 123m  about 30m left
[3850/4759] 80%  elapsed 125m  about 29m left
[3875/4759] 81%  elapsed 127m  about 28m left
[3900/4759] 81%  elapsed 128m  about 28m left
[3925/4759] 82%  elapsed 131m  about 27m left
[3950/4759] 83%  elapsed 132m  about 27m left
[3975/4759] 83%  elapsed 133m  about 26m left
[4000/4759] 84%  elapsed 134m  about 25m left
[4025/4759] 84%  elapsed 136m  about 24m left
[4050/4759] 85%  elapsed 138m  about 24m left
[4075/4759] 85%  elapsed 139m  about 23m left
[4100/4759] 86%  elapsed 140m  about 22m left
[4125/4759] 86%  elapsed 141m  about 21m left
[4150/4759] 87%  elapsed 143m  about 20m left
[4175/4759] 87%  elapsed 144m  about 20m left
[4200/4759] 88%  elapsed 145m  about 19m left
[4225/4759] 88%  elapsed 147m  about 18m left
[4250/4759] 89%  elapsed 148m  about 17m left
[4275/4759] 89%  elapsed 149m  about 16m left
[4300/4759] 90%  elapsed 150m  about 16m left
[4325/4759] 90%  elapsed 151m  about 15m left
[4350/4759] 91%  elapsed 152m  about 14m left
[4375/4759] 91%  elapsed 153m  about 13m left
[4400/4759] 92%  elapsed 154m  about 12m left
[4425/4759] 92%  elapsed 155m  about 11m left
[4450/4759] 93%  elapsed 156m  about 10m left
[4475/4759] 94%  elapsed 157m  about 10m left
[4500/4759] 94%  elapsed 158m  about 9m left
[4525/4759] 95%  elapsed 160m  about 8m left
[4550/4759] 95%  elapsed 161m  about 7m left
[4575/4759] 96%  elapsed 162m  about 6m left
[4600/4759] 96%  elapsed 163m  about 5m left
[4625/4759] 97%  elapsed 164m  about 4m left
[4650/4759] 97%  elapsed 165m  about 3m left
[4675/4759] 98%  elapsed 166m  about 2m left
[4700/4759] 98%  elapsed 166m  about 2m left
[4725/4759] 99%  elapsed 167m  about 1m left
[4750/4759] 99%  elapsed 168m  about 0m left
[4759/4759] 100%  elapsed 168m  about 0m left
classified 25411 files across 4759 papers -> data/files.csv, data/papers.csv
ALL DONE
